ï¿½ë‹¹esp32: SPI Mode  ï¿½ets Jul 29 2019 12:21:46

rst:0x1 (POWERON_RESET),boot:0x17 (SPI_FAST_FLASH_BOOT)
configsip: 0, SPIWP:0xee
clk_drv:0x00,q_drv:0x00,d_drv:0x00,cs0_drv:0x00,hd_drv:0x00,wp_drv:0x00
mode:DIO, clock div:2
load:0x3fff0030,len:6276
load:0x40078000,len:15748
load:0x40080400,len:4
ho 8 tail 4 room 4
load:0x40080404,len:3860
entry 0x4008063c
[0;32mI (31) boot: ESP-IDF v5.4.1 2nd stage bootloader[0m
[0;32mI (31) boot: compile time Apr 30 2025 12:12:12[0m
[0;32mI (31) boot: Multicore bootloader[0m
[0;32mI (32) boot: chip revision: v3.1[0m
[0;32mI (35) boot.esp32: SPI Speed      : 40MHz[0m
[0;32mI (39) boot.esp32: SPI Mode       : DIO[0m
[0;32mI (43) boot.esp32: SPI Flash Size : 2MB[0m
[0;32mI (46) boot: Enabling RNG early entropy source...[0m
[0;32mI (51) boot: Partition Table:[0m
[0;32mI (53) boot: ## Label            Usage          Type ST Offset   Length[0m
[0;32mI (60) boot:  0 nvs              WiFi data        01 02 00009000 00006000[0m
[0;32mI (66) boot:  1 phy_init         RF data          01 01 0000f000 00001000[0m
[0;32mI (73) boot:  2 factory          factory app      00 00 00010000 00100000[0m
[0;32mI (79) boot: End of partition table[0m
[0;32mI (82) esp_image: segment 0: paddr=00010020 vaddr=3f400020 size=184a0h ( 99488) map[0m
[0;32mI (124) esp_image: segment 1: paddr=000284c8 vaddr=3ff80000 size=0001ch (    28) load[0m
[0;32mI (124) esp_image: segment 2: paddr=000284ec vaddr=3ffb0000 size=03ef0h ( 16112) load[0m
[0;32mI (134) esp_image: segment 3: paddr=0002c3e4 vaddr=40080000 size=03c34h ( 15412) load[0m
[0;32mI (141) esp_image: segment 4: paddr=00030020 vaddr=400d0020 size=800f0h (524528) map[0m
[0;32mI (322) esp_image: segment 5: paddr=000b0118 vaddr=40083c34 size=13d2ch ( 81196) load[0m
[0;32mI (365) boot: Loaded app from partition at offset 0x10000[0m
[0;32mI (365) boot: Disabling RNG early entropy source...[0m
[0;32mI (376) cpu_start: Multicore app[0m
[0;32mI (384) cpu_start: Pro cpu start user code[0m
[0;32mI (384) cpu_start: cpu freq: 160000000 Hz[0m
[0;32mI (384) app_init: Application information:[0m
[0;32mI (384) app_init: Project name:     wifi_scanner[0m
[0;32mI (388) app_init: App version:      569cf78-dirty[0m
[0;32mI (393) app_init: Compile time:     Apr 30 2025 11:58:50[0m
[0;32mI (398) app_init: ELF file SHA256:  3ceaa6edb...[0m
[0;32mI (402) app_init: ESP-IDF:          v5.4.1[0m
[0;32mI (406) efuse_init: Min chip rev:     v0.0[0m
[0;32mI (410) efuse_init: Max chip rev:     v3.99 [0m
[0;32mI (414) efuse_init: Chip rev:         v3.1[0m
[0;32mI (418) heap_init: Initializing. RAM available for dynamic allocation:[0m
[0;32mI (424) heap_init: At 3FFAE6E0 len 00001920 (6 KiB): DRAM[0m
[0;32mI (429) heap_init: At 3FFB8488 len 00027B78 (158 KiB): DRAM[0m
[0;32mI (434) heap_init: At 3FFE0440 len 00003AE0 (14 KiB): D/IRAM[0m
[0;32mI (440) heap_init: At 3FFE4350 len 0001BCB0 (111 KiB): D/IRAM[0m
[0;32mI (445) heap_init: At 40097960 len 000086A0 (33 KiB): IRAM[0m
[0;32mI (452) spi_flash: detected chip: generic[0m
[0;32mI (454) spi_flash: flash io: dio[0m
[0;33mW (457) spi_flash: Detected size(4096k) larger than the size in the binary image header(2048k). Using the size in the binary image header.[0m
[0;32mI (470) main_task: Started on CPU0[0m
[0;32mI (480) main_task: Calling app_main()[0m
[0;32mI (550) main: LCD Initialized[0m
[0;32mI (550) gpio: GPIO[4]| InputEn: 1| OutputEn: 0| OpenDrain: 0| Pullup: 1| Pulldown: 0| Intr:1 [0m
[0;32mI (550) gpio: GPIO[13]| InputEn: 1| OutputEn: 0| OpenDrain: 0| Pullup: 1| Pulldown: 0| Intr:1 [0m
[0;32mI (560) main: Buttons Setup[0m
[0;32mI (570) wifi:wifi driver task: 3ffc02dc, prio:23, stack:6656, core=0[0m
[0;32mI (580) wifi:wifi firmware version: 79fa3f41ba[0m
[0;32mI (580) wifi:wifi certification version: v7.0[0m
[0;32mI (580) wifi:config NVS flash: enabled[0m
[0;32mI (580) wifi:config nano formatting: disabled[0m
[0;32mI (590) wifi:Init data frame dynamic rx buffer num: 32[0m
[0;32mI (590) wifi:Init static rx mgmt buffer num: 5[0m
[0;32mI (600) wifi:Init management short buffer num: 32[0m
[0;32mI (600) wifi:Init dynamic tx buffer num: 32[0m
[0;32mI (600) wifi:Init static rx buffer size: 1600[0m
[0;32mI (610) wifi:Init static rx buffer num: 10[0m
[0;32mI (610) wifi:Init dynamic rx buffer num: 32[0m
[0;32mI (620) wifi_init: rx ba win: 6[0m
[0;32mI (620) wifi_init: accept mbox: 6[0m
[0;32mI (620) wifi_init: tcpip mbox: 32[0m
[0;32mI (620) wifi_init: udp mbox: 6[0m
[0;32mI (630) wifi_init: tcp mbox: 6[0m
[0;32mI (630) wifi_init: tcp tx win: 5760[0m
[0;32mI (630) wifi_init: tcp rx win: 5760[0m
[0;32mI (640) wifi_init: tcp mss: 1440[0m
[0;32mI (640) wifi_init: WiFi IRAM OP enabled[0m
[0;32mI (640) wifi_init: WiFi RX IRAM OP enabled[0m
[0;32mI (650) phy_init: phy_version 4860,6b7a6e5,Feb  6 2025,14:47:07[0m
[0;32mI (730) wifi:mode : sta (08:f9:e0:ba:79:8c)[0m
[0;32mI (730) wifi:enable tsf[0m
[0;32mI (730) main: WiFi Scanner Initialized[0m
[0;32mI (3230) main: Initial Scan Complete. Found 2 networks.[0m
[0;32mI (3230) main: Network 1: SSID=Airtel_Home, RSSI=-63, Open=No[0m
[0;32mI (3230) main: Network 2: SSID=Airtel_Sharvingugan, RSSI=-74, Open=No[0m
[0;32mI (3230) main: Scan Task Created[0m
[0;32mI (102780) main: Rescan triggered by button.[0m
[0;32mI (105280) main: Scan complete. Found 4 networks.[0m
[0;32mI (105280) main: Network 1: SSID=Hii, RSSI=-37, Open=Yes[0m
[0;32mI (105280) main: Network 2: SSID=V2036, RSSI=-51, Open=No[0m
[0;32mI (105280) main: Network 3: SSID=Airtel_Home, RSSI=-65, Open=No[0m
[0;32mI (105290) main: Network 4: SSID=Nokia C01 Plus, RSSI=-93, Open=No[0m
[0;32mI (105300) main: Rescan triggered by button.[0m
[0;32mI (107800) main: Scan complete. Found 5 networks.[0m
[0;32mI (107800) main: Network 1: SSID=Hii, RSSI=-35, Open=Yes[0m
[0;32mI (107800) main: Network 2: SSID=V2036, RSSI=-51, Open=No[0m
[0;32mI (107800) main: Network 3: SSID=Airtel_Home, RSSI=-61, Open=No[0m
[0;32mI (107810) main: Network 4: SSID=Airtel_Sharvingugan, RSSI=-76, Open=No[0m
[0;32mI (107810) main: Network 5: SSID=Nokia C01 Plus, RSSI=-91, Open=No[0m
