ets Jul 29 2019 12:21:46

rst:0x1 (POWERON_RESET),boot:0x13 (SPI_FAST_FLASH_BOOT)
configsip: 0, SPIWP:0xee
clk_drv:0x00,q_drv:0x00,d_drv:0x00,cs0_drv:0x00,hd_drv:0x00,wp_drv:0x00
mode:DIO, clock div:2
load:0x3fff0030,len:6276
load:0x40078000,len:15748
load:0x40080400,len:4
ho 8 tail 4 room 4
load:0x40080404,len:3860
entry 0x4008063c
[0;32mI (31) boot: ESP-IDF v5.4.1 2nd stage bootloader[0m
[0;32mI (31) boot: compile time Apr 29 2025 13:36:07[0m
[0;32mI (31) boot: Multicore bootloader[0m
[0;32mI (32) boot: chip revision: v3.1[0m
[0;32mI (35) boot.esp32: SPI Speed      : 40MHz[0m
[0;32mI (39) boot.esp32: SPI Mode       : DIO[0m
[0;32mI (43) boot.esp32: SPI Flash Size : 2MB[0m
[0;32mI (46) boot: Enabling RNG early entropy source...[0m
[0;32mI (51) boot: Partition Table:[0m
[0;32mI (53) boot: ## Label            Usage          Type ST Offset   Length[0m
[0;32mI (60) boot:  0 nvs              WiFi data        01 02 00009000 00006000[0m
[0;32mI (66) boot:  1 phy_init         RF data          01 01 0000f000 00001000[0m
[0;32mI (73) boot:  2 factory          factory app      00 00 00010000 00100000[0m
[0;32mI (79) boot: End of partition table[0m
[0;32mI (82) esp_image: segment 0: paddr=00010020 vaddr=3f400020 size=18efch (102140) map[0m
[0;32mI (125) esp_image: segment 1: paddr=00028f24 vaddr=3ff80000 size=0001ch (    28) load[0m
[0;32mI (125) esp_image: segment 2: paddr=00028f48 vaddr=3ffb0000 size=03f50h ( 16208) load[0m
[0;32mI (135) esp_image: segment 3: paddr=0002cea0 vaddr=40080000 size=03178h ( 12664) load[0m
[0;32mI (141) esp_image: segment 4: paddr=00030020 vaddr=400d0020 size=86860h (551008) map[0m
[0;32mI (332) esp_image: segment 5: paddr=000b6888 vaddr=40083178 size=147dch ( 83932) load[0m
[0;32mI (376) boot: Loaded app from partition at offset 0x10000[0m
[0;32mI (376) boot: Disabling RNG early entropy source...[0m
[0;32mI (387) cpu_start: Multicore app[0m
[0;32mI (395) cpu_start: Pro cpu start user code[0m
[0;32mI (395) cpu_start: cpu freq: 160000000 Hz[0m
[0;32mI (395) app_init: Application information:[0m
[0;32mI (395) app_init: Project name:     wifi_scanner[0m
[0;32mI (399) app_init: App version:      1[0m
[0;32mI (403) app_init: Compile time:     Apr 29 2025 13:25:54[0m
[0;32mI (408) app_init: ELF file SHA256:  b715c67f5...[0m
[0;32mI (412) app_init: ESP-IDF:          v5.4.1[0m
[0;32mI (416) efuse_init: Min chip rev:     v0.0[0m
[0;32mI (420) efuse_init: Max chip rev:     v3.99 [0m
[0;32mI (424) efuse_init: Chip rev:         v3.1[0m
[0;32mI (428) heap_init: Initializing. RAM available for dynamic allocation:[0m
[0;32mI (434) heap_init: At 3FFAE6E0 len 00001920 (6 KiB): DRAM[0m
[0;32mI (439) heap_init: At 3FFB8A30 len 000275D0 (157 KiB): DRAM[0m
[0;32mI (444) heap_init: At 3FFE0440 len 00003AE0 (14 KiB): D/IRAM[0m
[0;32mI (450) heap_init: At 3FFE4350 len 0001BCB0 (111 KiB): D/IRAM[0m
[0;32mI (455) heap_init: At 40097954 len 000086AC (33 KiB): IRAM[0m
[0;32mI (462) spi_flash: detected chip: generic[0m
[0;32mI (464) spi_flash: flash io: dio[0m
[0;33mW (467) spi_flash: Detected size(4096k) larger than the size in the binary image header(2048k). Using the size in the binary image header.[0m
[0;32mI (480) main_task: Started on CPU0[0m
[0;32mI (490) main_task: Calling app_main()[0m
[0;32mI (510) gpio: GPIO[13]| InputEn: 1| OutputEn: 0| OpenDrain: 0| Pullup: 1| Pulldown: 0| Intr:1 [0m
[0;32mI (510) gpio: GPIO[14]| InputEn: 1| OutputEn: 0| OpenDrain: 0| Pullup: 1| Pulldown: 0| Intr:1 [0m
[0;32mI (530) wifi:wifi driver task: 3ffc077c, prio:23, stack:6656, core=0[0m
[0;32mI (540) wifi:wifi firmware version: 79fa3f41ba[0m
[0;32mI (540) wifi:wifi certification version: v7.0[0m
[0;32mI (540) wifi:config NVS flash: enabled[0m
[0;32mI (540) wifi:config nano formatting: disabled[0m
[0;32mI (540) wifi:Init data frame dynamic rx buffer num: 32[0m
[0;32mI (550) wifi:Init static rx mgmt buffer num: 5[0m
[0;32mI (550) wifi:Init management short buffer num: 32[0m
[0;32mI (560) wifi:Init dynamic tx buffer num: 32[0m
[0;32mI (560) wifi:Init static rx buffer size: 1600[0m
[0;32mI (570) wifi:Init static rx buffer num: 10[0m
[0;32mI (570) wifi:Init dynamic rx buffer num: 32[0m
[0;32mI (570) wifi_init: rx ba win: 6[0m
[0;32mI (580) wifi_init: accept mbox: 6[0m
[0;32mI (580) wifi_init: tcpip mbox: 32[0m
[0;32mI (580) wifi_init: udp mbox: 6[0m
[0;32mI (590) wifi_init: tcp mbox: 6[0m
[0;32mI (590) wifi_init: tcp tx win: 5760[0m
[0;32mI (590) wifi_init: tcp rx win: 5760[0m
[0;32mI (590) wifi_init: tcp mss: 1440[0m
[0;32mI (600) wifi_init: WiFi IRAM OP enabled[0m
[0;32mI (600) wifi_init: WiFi RX IRAM OP enabled[0m
[0;32mI (610) phy_init: phy_version 4860,6b7a6e5,Feb  6 2025,14:47:07[0m
[0;32mI (700) wifi:mode : sta (08:f9:e0:ba:79:8c)[0m
[0;32mI (700) wifi:enable tsf[0m
[0;32mI (700) main: Connecting to WiFi for time sync[0m
[0;33mW (700) wifi:Password length matches WPA2 standards, authmode threshold changes from OPEN to WPA2[0m
[0;32mI (710) main: Waiting for IP and SNTP sync...[0m
[0;32mI (710) main: Waiting for time to be set... (1/10)[0m
[0;32mI (720) wifi:new:<1,0>, old:<1,0>, ap:<255,255>, sta:<1,0>, prof:1, snd_ch_cfg:0x0[0m
[0;32mI (720) wifi:state: init -> auth (0xb0)[0m
[0;32mI (730) wifi:state: auth -> assoc (0x0)[0m
[0;32mI (740) wifi:state: assoc -> run (0x10)[0m
[0;32mI (750) wifi:<ba-add>idx:0 (ifx:0, 30:bd:13:15:86:96), tid:0, ssn:2, winSize:64[0m
[0;32mI (760) wifi:connected with Airtel_Home, aid = 1, channel 1, BW20, bssid = 30:bd:13:15:86:96[0m
[0;32mI (760) wifi:security: WPA2-PSK, phy: bgn, rssi: -52[0m
[0;32mI (770) wifi:pm start, type: 1[0m

[0;32mI (770) wifi:dp: 1, bi: 102400, li: 3, scale listen interval from 307200 us to 307200 us[0m
[0;32mI (790) wifi:AP's beacon interval = 102400 us, DTIM period = 1[0m
[0;32mI (1220) main: Waiting for time to be set... (2/10)[0m
[0;32mI (1720) main: Waiting for time to be set... (3/10)[0m
[0;32mI (2220) main: Waiting for time to be set... (4/10)[0m
[0;32mI (2720) main: Waiting for time to be set... (5/10)[0m
[0;32mI (3220) main: Waiting for time to be set... (6/10)[0m
[0;32mI (3720) main: Waiting for time to be set... (7/10)[0m
[0;32mI (4220) main: Waiting for time to be set... (8/10)[0m
[0;32mI (4720) main: Waiting for time to be set... (9/10)[0m
[0;32mI (5220) main: Waiting for time to be set... (10/10)[0m
[0;32mI (5720) wifi:state: run -> init (0x0)[0m
[0;32mI (5730) wifi:pm stop, total sleep time: 4079040 us / 4958531 us[0m

[0;32mI (5730) wifi:<ba-del>idx:0, tid:0[0m
[0;32mI (5730) wifi:new:<1,0>, old:<1,0>, ap:<255,255>, sta:<1,0>, prof:1, snd_ch_cfg:0x0[0m
[0;32mI (5730) main: Time synced and Wi-Fi disconnected.[0m
SJï¿½ï¿½Ñ¹esp32: SPI Mode       : DIO
[0;32mI (43) boot.esp32: SPI Flash Size : 2MB[0m
[0;32mI (46) boot: Enabling RNG early entropy source...[0m
[0;32mI (51) boot: Partition Table:[0m
[0;32mI (53) boot: ## Label            Usage          Type ST Offset   Length[0m
[0;32mI (60) boot:  0 nvs              WiFi data        01 02 00009000 00006000[0m
[0;32mI (66) boot:  1 phy_init         RF data          01 01 0000f000 00001000[0m
[0;32mI (73) boot:  2 factory          factory app      00 00 00010000 00100000[0m
[0;32mI (79) boot: End of partition table[0m
[0;32mI (82) esp_image: segment 0: paddr=00010020 vaddr=3f400020 size=18efch (102140) map[0m
[0;32mI (125) esp_image: segment 1: paddr=00028f24 vaddr=3ff80000 size=0001ch (    28) load[0m
[0;32mI (125) esp_image: segment 2: paddr=00028f48 vaddr=3ffb0000 size=03f50h ( 16208) load[0m
[0;32mI (135) esp_image: segment 3: paddr=0002cea0 vaddr=40080000 size=03178h ( 12664) load[0m
[0;32mI (141) esp_image: segment 4: paddr=00030020 vaddr=400d0020 size=86860h (551008) map[0m
[0;32mI (332) esp_image: segment 5: paddr=000b6888 vaddr=40083178 size=147dch ( 83932) load[0m
[0;32mI (376) boot: Loaded app from partition at offset 0x10000[0m
[0;32mI (376) boot: Disabling RNG early entropy source...[0m
[0;32mI (387) cpu_start: Multicore app[0m
[0;32mI (395) cpu_start: Pro cpu start user code[0m
[0;32mI (395) cpu_start: cpu freq: 160000000 Hz[0m
[0;32mI (395) app_init: Application information:[0m
[0;32mI (395) app_init: Project name:     wifi_scanner[0m
[0;32mI (399) app_init: App version:      1[0m
[0;32mI (403) app_init: Compile time:     Apr 29 2025 13:25:54[0m
[0;32mI (408) app_init: ELF file SHA256:  b715c67f5...[0m
[0;32mI (412) app_init: ESP-IDF:          v5.4.1[0m
[0;32mI (416) efuse_init: Min chip rev:     v0.0[0m
[0;32mI (420) efuse_init: Max chip rev:     v3.99 [0m
[0;32mI (424) efuse_init: Chip rev:         v3.1[0m
[0;32mI (428) heap_init: Initializing. RAM available for dynamic allocation:[0m
[0;32mI (434) heap_init: At 3FFAE6E0 len 00001920 (6 KiB): DRAM[0m
[0;32mI (439) heap_init: At 3FFB8A30 len 000275D0 (157 KiB): DRAM[0m
[0;32mI (444) heap_init: At 3FFE0440 len 00003AE0 (14 KiB): D/IRAM[0m
[0;32mI (450) heap_init: At 3FFE4350 len 0001BCB0 (111 KiB): D/IRAM[0m
[0;32mI (455) heap_init: At 40097954 len 000086AC (33 KiB): IRAM[0m
[0;32mI (462) spi_flash: detected chip: generic[0m
[0;32mI (464) spi_flash: flash io: dio[0m
[0;33mW (467) spi_flash: Detected size(4096k) larger than the size in the binary image header(2048k). Using the size in the binary image header.[0m
[0;32mI (480) main_task: Started on CPU0[0m
[0;32mI (490) main_task: Calling app_main()[0m
[0;32mI (510) gpio: GPIO[13]| InputEn: 1| OutputEn: 0| OpenDrain: 0| Pullup: 1| Pulldown: 0| Intr:1 [0m
[0;32mI (510) gpio: GPIO[14]| InputEn: 1| OutputEn: 0| OpenDrain: 0| Pullup: 1| Pulldown: 0| Intr:1 [0m
[0;32mI (530) wifi:wifi driver task: 3ffc077c, prio:23, stack:6656, core=0[0m
[0;32mI (540) wifi:wifi firmware version: 79fa3f41ba[0m
[0;32mI (540) wifi:wifi certification version: v7.0[0m
[0;32mI (540) wifi:config NVS flash: enabled[0m
[0;32mI (540) wifi:config nano formatting: disabled[0m
[0;32mI (540) wifi:Init data frame dynamic rx buffer num: 32[0m
[0;32mI (550) wifi:Init static rx mgmt buffer num: 5[0m
[0;32mI (550) wifi:Init management short buffer num: 32[0m
[0;32mI (560) wifi:Init dynamic tx buffer num: 32[0m
[0;32mI (560) wifi:Init static rx buffer size: 1600[0m
[0;32mI (570) wifi:Init static rx buffer num: 10[0m
[0;32mI (570) wifi:Init dynamic rx buffer num: 32[0m
[0;32mI (570) wifi_init: rx ba win: 6[0m
[0;32mI (580) wifi_init: accept mbox: 6[0m
[0;32mI (580) wifi_init: tcpip mbox: 32[0m
[0;32mI (580) wifi_init: udp mbox: 6[0m
[0;32mI (590) wifi_init: tcp mbox: 6[0m
[0;32mI (590) wifi_init: tcp tx win: 5760[0m
[0;32mI (590) wifi_init: tcp rx win: 5760[0m
[0;32mI (590) wifi_init: tcp mss: 1440[0m
[0;32mI (600) wifi_init: WiFi IRAM OP enabled[0m
[0;32mI (600) wifi_init: WiFi RX IRAM OP enabled[0m
[0;32mI (610) phy_init: phy_version 4860,6b7a6e5,Feb  6 2025,14:47:07[0m
[0;32mI (700) wifi:mode : sta (08:f9:e0:ba:79:8c)[0m
[0;32mI (700) wifi:enable tsf[0m
[0;32mI (700) main: Connecting to WiFi for time sync[0m
[0;33mW (700) wifi:Password length matches WPA2 standards, authmode threshold changes from OPEN to WPA2[0m
[0;32mI (710) main: Waiting for IP and SNTP sync...[0m
[0;32mI (710) main: Waiting for time to be set... (1/10)[0m
[0;32mI (720) wifi:new:<1,0>, old:<1,0>, ap:<255,255>, sta:<1,0>, prof:1, snd_ch_cfg:0x0[0m
[0;32mI (720) wifi:state: init -> auth (0xb0)[0m
[0;32mI (730) wifi:state: auth -> assoc (0x0)[0m
[0;32mI (730) wifi:state: assoc -> run (0x10)[0m
[0;32mI (750) wifi:<ba-add>idx:0 (ifx:0, 30:bd:13:15:86:96), tid:0, ssn:1, winSize:64[0m
[0;32mI (760) wifi:connected with Airtel_Home, aid = 1, channel 1, BW20, bssid = 30:bd:13:15:86:96[0m
[0;32mI (760) wifi:security: WPA2-PSK, phy: bgn, rssi: -57[0m
[0;32mI (770) wifi:pm start, type: 1[0m

[0;32mI (770) wifi:dp: 1, bi: 102400, li: 3, scale listen interval from 307200 us to 307200 us[0m
[0;32mI (770) wifi:AP's beacon interval = 102400 us, DTIM period = 1[0m
[0;32mI (1230) main: Waiting for time to be set... (2/10)[0m
[0;32mI (1730) main: Waiting for time to be set... (3/10)[0m
[0;32mI (2230) main: Waiting for time to be set... (4/10)[0m
[0;32mI (2730) main: Waiting for time to be set... (5/10)[0m
[0;32mI (3230) main: Waiting for time to be set... (6/10)[0m
[0;32mI (3730) main: Waiting for time to be set... (7/10)[0m
[0;32mI (4230) main: Waiting for time to be set... (8/10)[0m
[0;32mI (4730) main: Waiting for time to be set... (9/10)[0m
[0;32mI (5230) main: Waiting for time to be set... (10/10)[0m
[0;32mI (5730) wifi:state: run -> init (0x0)[0m
[0;32mI (5740) wifi:pm stop, total sleep time: 4608351 us / 4971133 us[0m

[0;32mI (5740) wifi:<ba-del>idx:0, tid:0[0m
[0;32mI (5740) wifi:new:<1,0>, old:<1,0>, ap:<255,255>, sta:<1,0>, prof:1, snd_ch_cfg:0x0[0m
[0;32mI (5740) main: Time synced and Wi-Fi disconnected.[0m
Jï¿½ï¿½Ñ¹esp32: SPI Mode       : DIO
[0;32mI (43) boot.esp32: SPI Flash Size : 2MB[0m
[0;32mI (46) boot: Enabling RNG early entropy source...[0m
[0;32mI (51) boot: Partition Table:[0m
[0;32mI (53) boot: ## Label            Usage          Type ST Offset   Length[0m
[0;32mI (60) boot:  0 nvs              WiFi data        01 02 00009000 00006000[0m
[0;32mI (66) boot:  1 phy_init         RF data          01 01 0000f000 00001000[0m
[0;32mI (73) boot:  2 factory          factory app      00 00 00010000 00100000[0m
[0;32mI (79) boot: End of partition table[0m
[0;32mI (82) esp_image: segment 0: paddr=00010020 vaddr=3f400020 size=18efch (102140) map[0m
[0;32mI (125) esp_image: segment 1: paddr=00028f24 vaddr=3ff80000 size=0001ch (    28) load[0m
[0;32mI (125) esp_image: segment 2: paddr=00028f48 vaddr=3ffb0000 size=03f50h ( 16208) load[0m
[0;32mI (135) esp_image: segment 3: paddr=0002cea0 vaddr=40080000 size=03178h ( 12664) load[0m
[0;32mI (141) esp_image: segment 4: paddr=00030020 vaddr=400d0020 size=86860h (551008) map[0m
[0;32mI (332) esp_image: segment 5: paddr=000b6888 vaddr=40083178 size=147dch ( 83932) load[0m
[0;32mI (376) boot: Loaded app from partition at offset 0x10000[0m
[0;32mI (376) boot: Disabling RNG early entropy source...[0m
[0;32mI (387) cpu_start: Multicore app[0m
[0;32mI (395) cpu_start: Pro cpu start user code[0m
[0;32mI (395) cpu_start: cpu freq: 160000000 Hz[0m
[0;32mI (395) app_init: Application information:[0m
[0;32mI (395) app_init: Project name:     wifi_scanner[0m
[0;32mI (399) app_init: App version:      1[0m
[0;32mI (403) app_init: Compile time:     Apr 29 2025 13:25:54[0m
[0;32mI (408) app_init: ELF file SHA256:  b715c67f5...[0m
[0;32mI (412) app_init: ESP-IDF:          v5.4.1[0m
[0;32mI (416) efuse_init: Min chip rev:     v0.0[0m
[0;32mI (420) efuse_init: Max chip rev:     v3.99 [0m
[0;32mI (424) efuse_init: Chip rev:         v3.1[0m
[0;32mI (428) heap_init: Initializing. RAM available for dynamic allocation:[0m
[0;32mI (434) heap_init: At 3FFAE6E0 len 00001920 (6 KiB): DRAM[0m
[0;32mI (439) heap_init: At 3FFB8A30 len 000275D0 (157 KiB): DRAM[0m
[0;32mI (444) heap_init: At 3FFE0440 len 00003AE0 (14 KiB): D/IRAM[0m
[0;32mI (450) heap_init: At 3FFE4350 len 0001BCB0 (111 KiB): D/IRAM[0m
[0;32mI (455) heap_init: At 40097954 len 000086AC (33 KiB): IRAM[0m
[0;32mI (462) spi_flash: detected chip: generic[0m
[0;32mI (464) spi_flash: flash io: dio[0m
[0;33mW (467) spi_flash: Detected size(4096k) larger than the size in the binary image header(2048k). Using the size in the binary image header.[0m
[0;32mI (480) main_task: Started on CPU0[0m
[0;32mI (490) main_task: Calling app_main()[0m
[0;32mI (510) gpio: GPIO[13]| InputEn: 1| OutputEn: 0| OpenDrain: 0| Pullup: 1| Pulldown: 0| Intr:1 [0m
[0;32mI (510) gpio: GPIO[14]| InputEn: 1| OutputEn: 0| OpenDrain: 0| Pullup: 1| Pulldown: 0| Intr:1 [0m
[0;32mI (530) wifi:wifi driver task: 3ffc077c, prio:23, stack:6656, core=0[0m
[0;32mI (540) wifi:wifi firmware version: 79fa3f41ba[0m
[0;32mI (540) wifi:wifi certification version: v7.0[0m
[0;32mI (540) wifi:config NVS flash: enabled[0m
[0;32mI (540) wifi:config nano formatting: disabled[0m
[0;32mI (540) wifi:Init data frame dynamic rx buffer num: 32[0m
[0;32mI (550) wifi:Init static rx mgmt buffer num: 5[0m
[0;32mI (550) wifi:Init management short buffer num: 32[0m
[0;32mI (560) wifi:Init dynamic tx buffer num: 32[0m
[0;32mI (560) wifi:Init static rx buffer size: 1600[0m
[0;32mI (570) wifi:Init static rx buffer num: 10[0m
[0;32mI (570) wifi:Init dynamic rx buffer num: 32[0m
[0;32mI (570) wifi_init: rx ba win: 6[0m
[0;32mI (580) wifi_init: accept mbox: 6[0m
[0;32mI (580) wifi_init: tcpip mbox: 32[0m
[0;32mI (580) wifi_init: udp mbox: 6[0m
[0;32mI (590) wifi_init: tcp mbox: 6[0m
[0;32mI (590) wifi_init: tcp tx win: 5760[0m
[0;32mI (590) wifi_init: tcp rx win: 5760[0m
[0;32mI (590) wifi_init: tcp mss: 1440[0m
[0;32mI (600) wifi_init: WiFi IRAM OP enabled[0m
[0;32mI (600) wifi_init: WiFi RX IRAM OP enabled[0m
[0;32mI (610) phy_init: phy_version 4860,6b7a6e5,Feb  6 2025,14:47:07[0m
[0;32mI (700) wifi:mode : sta (08:f9:e0:ba:79:8c)[0m
[0;32mI (700) wifi:enable tsf[0m
[0;32mI (700) main: Connecting to WiFi for time sync[0m
[0;33mW (700) wifi:Password length matches WPA2 standards, authmode threshold changes from OPEN to WPA2[0m
[0;32mI (710) main: Waiting for IP and SNTP sync...[0m
[0;32mI (710) main: Waiting for time to be set... (1/10)[0m
[0;32mI (720) wifi:new:<1,0>, old:<1,0>, ap:<255,255>, sta:<1,0>, prof:1, snd_ch_cfg:0x0[0m
[0;32mI (720) wifi:state: init -> auth (0xb0)[0m
[0;32mI (730) wifi:state: auth -> assoc (0x0)[0m
[0;32mI (740) wifi:state: assoc -> run (0x10)[0m
[0;32mI (750) wifi:<ba-add>idx:0 (ifx:0, 30:bd:13:15:86:96), tid:0, ssn:1, winSize:64[0m
[0;32mI (760) wifi:connected with Airtel_Home, aid = 1, channel 1, BW20, bssid = 30:bd:13:15:86:96[0m
[0;32mI (760) wifi:security: WPA2-PSK, phy: bgn, rssi: -56[0m
[0;32mI (770) wifi:pm start, type: 1[0m

[0;32mI (770) wifi:dp: 1, bi: 102400, li: 3, scale listen interval from 307200 us to 307200 us[0m
[0;32mI (830) wifi:AP's beacon interval = 102400 us, DTIM period = 1[0m
[0;32mI (1230) main: Waiting for time to be set... (2/10)[0m
[0;32mI (1730) main: Waiting for time to be set... (3/10)[0m
[0;32mI (2230) main: Waiting for time to be set... (4/10)[0m
[0;32mI (2730) main: Waiting for time to be set... (5/10)[0m
[0;32mI (3230) main: Waiting for time to be set... (6/10)[0m
[0;32mI (3730) main: Waiting for time to be set... (7/10)[0m
[0;32mI (4230) main: Waiting for time to be set... (8/10)[0m
[0;32mI (4730) main: Waiting for time to be set... (9/10)[0m
[0;32mI (5230) main: Waiting for time to be set... (10/10)[0m
[0;32mI (5730) wifi:state: run -> init (0x0)[0m
[0;32mI (5740) wifi:pm stop, total sleep time: 4624499 us / 4969737 us[0m

[0;32mI (5740) wifi:<ba-del>idx:0, tid:0[0m
[0;32mI (5740) wifi:new:<1,0>, old:<1,0>, ap:<255,255>, sta:<1,0>, prof:1, snd_ch_cfg:0x0[0m
[0;32mI (5740) main: Time synced and Wi-Fi disconnected.[0m
Jï¿½ï¿½Ñ¹esp32: SPI Mode       : DIO
[0;32mI (43) boot.esp32: SPI Flash Size : 2MB[0m
[0;32mI (46) boot: Enabling RNG early entropy source...[0m
[0;32mI (51) boot: Partition Table:[0m
[0;32mI (53) boot: ## Label            Usage          Type ST Offset   Length[0m
[0;32mI (60) boot:  0 nvs              WiFi data        01 02 00009000 00006000[0m
[0;32mI (66) boot:  1 phy_init         RF data          01 01 0000f000 00001000[0m
[0;32mI (73) boot:  2 factory          factory app      00 00 00010000 00100000[0m
[0;32mI (79) boot: End of partition table[0m
[0;32mI (82) esp_image: segment 0: paddr=00010020 vaddr=3f400020 size=18efch (102140) map[0m
[0;32mI (125) esp_image: segment 1: paddr=00028f24 vaddr=3ff80000 size=0001ch (    28) load[0m
[0;32mI (125) esp_image: segment 2: paddr=00028f48 vaddr=3ffb0000 size=03f50h ( 16208) load[0m
[0;32mI (135) esp_image: segment 3: paddr=0002cea0 vaddr=40080000 size=03178h ( 12664) load[0m
[0;32mI (141) esp_image: segment 4: paddr=00030020 vaddr=400d0020 size=86860h (551008) map[0m
[0;32mI (332) esp_image: segment 5: paddr=000b6888 vaddr=40083178 size=147dch ( 83932) load[0m
[0;32mI (376) boot: Loaded app from partition at offset 0x10000[0m
[0;32mI (376) boot: Disabling RNG early entropy source...[0m
[0;32mI (387) cpu_start: Multicore app[0m
[0;32mI (395) cpu_start: Pro cpu start user code[0m
[0;32mI (395) cpu_start: cpu freq: 160000000 Hz[0m
[0;32mI (395) app_init: Application information:[0m
[0;32mI (395) app_init: Project name:     wifi_scanner[0m
[0;32mI (399) app_init: App version:      1[0m
[0;32mI (403) app_init: Compile time:     Apr 29 2025 13:25:54[0m
[0;32mI (408) app_init: ELF file SHA256:  b715c67f5...[0m
[0;32mI (412) app_init: ESP-IDF:          v5.4.1[0m
[0;32mI (416) efuse_init: Min chip rev:     v0.0[0m
[0;32mI (420) efuse_init: Max chip rev:     v3.99 [0m
[0;32mI (424) efuse_init: Chip rev:         v3.1[0m
[0;32mI (428) heap_init: Initializing. RAM available for dynamic allocation:[0m
[0;32mI (434) heap_init: At 3FFAE6E0 len 00001920 (6 KiB): DRAM[0m
[0;32mI (439) heap_init: At 3FFB8A30 len 000275D0 (157 KiB): DRAM[0m
[0;32mI (444) heap_init: At 3FFE0440 len 00003AE0 (14 KiB): D/IRAM[0m
[0;32mI (450) heap_init: At 3FFE4350 len 0001BCB0 (111 KiB): D/IRAM[0m
[0;32mI (455) heap_init: At 40097954 len 000086AC (33 KiB): IRAM[0m
[0;32mI (462) spi_flash: detected chip: generic[0m
[0;32mI (464) spi_flash: flash io: dio[0m
[0;33mW (467) spi_flash: Detected size(4096k) larger than the size in the binary image header(2048k). Using the size in the binary image header.[0m
[0;32mI (480) main_task: Started on CPU0[0m
[0;32mI (490) main_task: Calling app_main()[0m
[0;32mI (510) gpio: GPIO[13]| InputEn: 1| OutputEn: 0| OpenDrain: 0| Pullup: 1| Pulldown: 0| Intr:1 [0m
[0;32mI (510) gpio: GPIO[14]| InputEn: 1| OutputEn: 0| OpenDrain: 0| Pullup: 1| Pulldown: 0| Intr:1 [0m
[0;32mI (530) wifi:wifi driver task: 3ffc077c, prio:23, stack:6656, core=0[0m
[0;32mI (540) wifi:wifi firmware version: 79fa3f41ba[0m
[0;32mI (540) wifi:wifi certification version: v7.0[0m
[0;32mI (540) wifi:config NVS flash: enabled[0m
[0;32mI (540) wifi:config nano formatting: disabled[0m
[0;32mI (540) wifi:Init data frame dynamic rx buffer num: 32[0m
[0;32mI (550) wifi:Init static rx mgmt buffer num: 5[0m
[0;32mI (550) wifi:Init management short buffer num: 32[0m
[0;32mI (560) wifi:Init dynamic tx buffer num: 32[0m
[0;32mI (560) wifi:Init static rx buffer size: 1600[0m
[0;32mI (570) wifi:Init static rx buffer num: 10[0m
[0;32mI (570) wifi:Init dynamic rx buffer num: 32[0m
[0;32mI (570) wifi_init: rx ba win: 6[0m
[0;32mI (580) wifi_init: accept mbox: 6[0m
[0;32mI (580) wifi_init: tcpip mbox: 32[0m
[0;32mI (580) wifi_init: udp mbox: 6[0m
[0;32mI (590) wifi_init: tcp mbox: 6[0m
[0;32mI (590) wifi_init: tcp tx win: 5760[0m
[0;32mI (590) wifi_init: tcp rx win: 5760[0m
[0;32mI (590) wifi_init: tcp mss: 1440[0m
[0;32mI (600) wifi_init: WiFi IRAM OP enabled[0m
[0;32mI (600) wifi_init: WiFi RX IRAM OP enabled[0m
[0;32mI (610) phy_init: phy_version 4860,6b7a6e5,Feb  6 2025,14:47:07[0m
[0;32mI (700) wifi:mode : sta (08:f9:e0:ba:79:8c)[0m
[0;32mI (700) wifi:enable tsf[0m
[0;32mI (700) main: Connecting to WiFi for time sync[0m
[0;33mW (700) wifi:Password length matches WPA2 standards, authmode threshold changes from OPEN to WPA2[0m
[0;32mI (710) main: Waiting for IP and SNTP sync...[0m
[0;32mI (710) main: Waiting for time to be set... (1/10)[0m
[0;32mI (720) wifi:new:<1,0>, old:<1,0>, ap:<255,255>, sta:<1,0>, prof:1, snd_ch_cfg:0x0[0m
[0;32mI (720) wifi:state: init -> auth (0xb0)[0m
[0;32mI (730) wifi:state: auth -> assoc (0x0)[0m
[0;32mI (730) wifi:state: assoc -> run (0x10)[0m
[0;32mI (750) wifi:<ba-add>idx:0 (ifx:0, 30:bd:13:15:86:96), tid:0, ssn:1, winSize:64[0m
[0;32mI (760) wifi:connected with Airtel_Home, aid = 1, channel 1, BW20, bssid = 30:bd:13:15:86:96[0m
[0;32mI (760) wifi:security: WPA2-PSK, phy: bgn, rssi: -57[0m
[0;32mI (770) wifi:pm start, type: 1[0m

[0;32mI (770) wifi:dp: 1, bi: 102400, li: 3, scale listen interval from 307200 us to 307200 us[0m
[0;32mI (810) wifi:AP's beacon interval = 102400 us, DTIM period = 1[0m
[0;32mI (1230) main: Waiting for time to be set... (2/10)[0m
[0;32mI (1730) main: Waiting for time to be set... (3/10)[0m
[0;32mI (2230) main: Waiting for time to be set... (4/10)[0m
[0;32mI (2730) main: Waiting for time to be set... (5/10)[0m
[0;32mI (3230) main: Waiting for time to be set... (6/10)[0m
[0;32mI (3730) main: Waiting for time to be set... (7/10)[0m
[0;32mI (4230) main: Waiting for time to be set... (8/10)[0m
[0;32mI (4730) main: Waiting for time to be set... (9/10)[0m
[0;32mI (5230) main: Waiting for time to be set... (10/10)[0m
[0;32mI (5730) wifi:state: run -> init (0x0)[0m
[0;32mI (5740) wifi:pm stop, total sleep time: 4606703 us / 4970451 us[0m

[0;32mI (5740) wifi:<ba-del>idx:0, tid:0[0m
[0;32mI (5740) wifi:new:<1,0>, old:<1,0>, ap:<255,255>, sta:<1,0>, prof:1, snd_ch_cfg:0x0[0m
[0;32mI (5740) main: Time synced and Wi-Fi disconnected.[0m
